// Jest Snapshot v1, https://goo.gl/fbAQLP

exports[`<Field /> should match snapshots 1`] = `
<div
  className="row"
>
  <label
    className="label"
    htmlFor="field-title"
  >
    Title
  </label>
  <input
    className="input"
    data-field="title"
    id="field-title"
    onChange={[MockFunction]}
    type="text"
    value=""
  />
</div>
`;

exports[`<Field /> should match snapshots 2`] = `
"Snapshot Diff:
- First value
+ Second value

@@ -11,8 +11,8 @@
      className=\\"input\\"
      data-field=\\"title\\"
      id=\\"field-title\\"
      onChange={[Function mockConstructor]}
      type=\\"text\\"
-     value=\\"TEST\\"
+     value=\\"\\"
    />
  </div>"
`;
