// Jest Snapshot v1, https://goo.gl/fbAQLP

exports[`<MetaFields /> should match snapshots 1`] = `
<React.Fragment
  meta="__SKIPPED__"
>
  <h2
    className="heading"
    meta="__SKIPPED__"
  >
    Web Page
  </h2>
  <div
    className="table"
    meta="__SKIPPED__"
  >
    <Field
      field={
        Object {
          "label": "Content Title",
          "required": true,
          "value": "title",
        }
      }
      meta="__SKIPPED__"
      onChange={[Function]}
    />
    <Field
      field={
        Object {
          "label": "Website Title",
          "required": true,
          "value": "container-title",
        }
      }
      meta="__SKIPPED__"
      onChange={[Function]}
    />
    <Field
      field={
        Object {
          "label": "URL",
          "required": true,
          "value": "URL",
        }
      }
      meta="__SKIPPED__"
      onChange={[Function]}
    />
    <Field
      field={
        Object {
          "label": "Date",
          "pattern": "[0-2][0-9]{3}(?:(\\\\/(?:0[1-9]|1[0-2]))(\\\\/(?:[0-2][0-9]|3[0-1]))?)?",
          "title": "YYYY/MM/DD or YYYY/MM or YYYY",
          "value": "issued",
        }
      }
      meta="__SKIPPED__"
      onChange={[Function]}
    />
    <Field
      field={
        Object {
          "label": "Date Accessed",
          "pattern": "[0-2][0-9]{3}(?:(\\\\/(?:0[1-9]|1[0-2]))(\\\\/(?:[0-2][0-9]|3[0-1]))?)?",
          "title": "YYYY/MM/DD or YYYY/MM or YYYY",
          "value": "accessed",
        }
      }
      meta="__SKIPPED__"
      onChange={[Function]}
    />
  </div>
</React.Fragment>
`;
