// Jest Snapshot v1, https://goo.gl/fbAQLP

exports[`Editor abstract class createBibliographyElement() should create bibliographies with headings of varying levels 1`] = `"<div id=\\"abt-bibliography\\" data-reflist=\\"[&quot;1&quot;,&quot;2&quot;,&quot;3&quot;]\\" class=\\"abt-bibliography my-custom-class\\"><h3 class=\\"abt-bibliography__heading\\">Hello World</h3><div id=\\"abt-bibliography__container\\" class=\\"abt-bibliography__container\\"><div id=\\"1\\"><div>Item 1</div></div><div id=\\"2\\"><div>Item 2</div></div><div id=\\"3\\"><div>Item 3</div></div></div></div>"`;

exports[`Editor abstract class createBibliographyElement() should create bibliographies with headings of varying levels 2`] = `"<div id=\\"abt-bibliography\\" data-reflist=\\"[&quot;1&quot;,&quot;2&quot;,&quot;3&quot;]\\" class=\\"abt-bibliography my-custom-class\\"><h1 class=\\"abt-bibliography__heading\\">Hello World</h1><div id=\\"abt-bibliography__container\\" class=\\"abt-bibliography__container\\"><div id=\\"1\\"><div>Item 1</div></div><div id=\\"2\\"><div>Item 2</div></div><div id=\\"3\\"><div>Item 3</div></div></div></div>"`;

exports[`Editor abstract class createBibliographyElement() should create bibliographies with toggle headings 1`] = `"<div id=\\"abt-bibliography\\" data-reflist=\\"[&quot;1&quot;,&quot;2&quot;,&quot;3&quot;]\\" class=\\"abt-bibliography my-custom-class\\"><button class=\\"abt-bibliography__heading abt-bibliography__heading_toggle\\" aria-expanded=\\"false\\" aria-controls=\\"abt-bibliography__container\\" data-heading-level=\\"h5\\">Hello World</button><div id=\\"abt-bibliography__container\\" class=\\"abt-bibliography__container\\"><div id=\\"1\\"><div>Item 1</div></div><div id=\\"2\\"><div>Item 2</div></div><div id=\\"3\\"><div>Item 3</div></div></div></div>"`;

exports[`Editor abstract class createBibliographyElement() should create bibliographies without headings 1`] = `"<div id=\\"abt-bibliography\\" data-reflist=\\"[&quot;1&quot;,&quot;2&quot;,&quot;3&quot;]\\" class=\\"abt-bibliography\\"><div id=\\"abt-bibliography__container\\" class=\\"abt-bibliography__container\\"><div id=\\"1\\"><div>Item 1</div></div><div id=\\"2\\"><div>Item 2</div></div><div id=\\"3\\"><div>Item 3</div></div></div></div>"`;

exports[`Editor abstract class createBibliographyElement() should create static bibliographies 1`] = `"<div data-reflist=\\"[&quot;1&quot;,&quot;2&quot;,&quot;3&quot;]\\" class=\\"abt-static-bib my-custom-class\\"><div id=\\"abt-bibliography__container\\" class=\\"abt-bibliography__container\\"><div id=\\"1\\"><div>Item 1</div></div><div id=\\"2\\"><div>Item 2</div></div><div id=\\"3\\"><div>Item 3</div></div></div></div>"`;

exports[`Editor abstract class createBibliographyElement() should print warning if static bib set without items 1`] = `"<div data-reflist=\\"[]\\" class=\\"abt-static-bib my-custom-class\\"><strong>Warning:</strong> No bibliography format exists for your citation type.</div>"`;

exports[`Editor abstract class createFootnoteSection() should create footnotes with extra classnames 1`] = `"<div id=\\"abt-footnote\\" class=\\"abt-footnote my-custom-class\\"><div class=\\"abt-footnote__heading\\">Footnotes</div><div class=\\"abt-footnote__item\\"><span class=\\"abt-footnote__number\\">[1]</span><span class=\\"abt-footnote__content\\"><div>Item 1</div></span></div><div class=\\"abt-footnote__item\\"><span class=\\"abt-footnote__number\\">[2]</span><span class=\\"abt-footnote__content\\"><div>Item 2</div></span></div><div class=\\"abt-footnote__item\\"><span class=\\"abt-footnote__number\\">[3]</span><span class=\\"abt-footnote__content\\"><div>Item 3</div></span></div></div>"`;

exports[`Editor abstract class createFootnoteSection() should create footnotes without extra classnames 1`] = `"<div id=\\"abt-footnote\\" class=\\"abt-footnote\\"><div class=\\"abt-footnote__heading\\">Footnotes</div><div class=\\"abt-footnote__item\\"><span class=\\"abt-footnote__number\\">[1]</span><span class=\\"abt-footnote__content\\"><div>Item 1</div></span></div><div class=\\"abt-footnote__item\\"><span class=\\"abt-footnote__number\\">[2]</span><span class=\\"abt-footnote__content\\"><div>Item 2</div></span></div><div class=\\"abt-footnote__item\\"><span class=\\"abt-footnote__number\\">[3]</span><span class=\\"abt-footnote__content\\"><div>Item 3</div></span></div></div>"`;

exports[`Editor abstract class createInlineElement() should create a citation element 1`] = `"<span>Hello World</span>"`;

exports[`Editor abstract class createInlineElement() should create a footnote element 1`] = `"<span>Hello World</span>"`;
