// Jest Snapshot v1, https://goo.gl/fbAQLP

exports[`<ImportDialog /> should match snapshot 1`] = `
<React.Fragment>
  <div
    style={
      Object {
        "padding": 10,
      }
    }
  >
    <Callout
      intent="danger"
      onDismiss={[Function]}
      title="Error"
    />
    <FileInput
      fill={true}
      inputProps={
        Object {
          "accept": ".ris,.bib,.bibtex,application/xresearch-info-systems,application/x-bibtex",
          "onChange": [Function],
          "required": true,
        }
      }
      large={true}
      text="Choose File..."
    />
  </div>
  <ActionBar
    align="right"
  >
    <Button
      disabled={true}
      focusable={true}
      label="Import"
      onClick={[Function]}
      primary={true}
      type="button"
    >
      Import
    </Button>
  </ActionBar>
</React.Fragment>
`;
