// Jest Snapshot v1, https://goo.gl/fbAQLP

exports[`<Menu /> should match snapshots 1`] = `
<Menu
  cslStyle={"american-medical-association"}
  isOpen={true}
  itemsSelected={true}
  onSubmit={[Function]}
>
  <TransitionMotion
    didLeave={[Function]}
    styles={
      Array [
        Object {
          "key": "menu",
          "style": Object {
            "height": Object {
              "damping": 20,
              "precision": 0.01,
              "stiffness": 300,
              "val": 85,
            },
            "scale": Object {
              "damping": 20,
              "precision": 0.01,
              "stiffness": 300,
              "val": 1,
            },
          },
        },
      ]
    }
    willEnter={[Function]}
    willLeave={[Function]}
  >
    <div
      className="menu"
      style={
        Object {
          "height": 85,
          "maxHeight": 85,
          "opacity": undefined,
          "transform": "scaleY(1)",
          "transformOrigin": "top",
        }
      }
    >
      <div
        className="subpanel"
      >
        <Button
          flat={true}
          icon="media-code"
          id="OPEN_IMPORT_DIALOG"
          label="Import references"
          onClick={[Function]}
          tooltip={
            Object {
              "position": "bottom",
              "text": "Import references",
            }
          }
          type="button"
        >
          <div>
            <Tooltip
              active={false}
              id="Import_references"
              text="Import references"
              transform=""
            >
              <div
                className="abt-tooltip"
                id="Import_references"
                role="tooltip"
                style={
                  Object {
                    "transform": "",
                  }
                }
              >
                Import references
                <style
                  jsx={true}
                >
                  
                                      .abt-tooltip {
                                          pointer-events: none;
                                          transform-origin: top center;
                                          z-index: 1000;
                                          background: rgba(66, 66, 66, 0.9);
                                          border-radius: 2px;
                                          color: white;
                                          display: inline-block;
                                          visibility: hidden;
                                          font-size: 10px;
                                          font-weight: 500;
                                          line-height: 14px;
                                          position: absolute;
                                          padding: 8px;
                                          text-align: center;
                                          max-width: 170px;
                                      }
                                      .abt-tooltip--active {
                                          visibility: visible;
                                      }
                                  
                </style>
              </div>
            </Tooltip>
            <button
              aria-describedby="Import_references"
              aria-label="Import references"
              className="btn-flat btn-icon"
              id="OPEN_IMPORT_DIALOG"
              onClick={[Function]}
              onMouseEnter={[Function]}
              onMouseLeave={[Function]}
              type="button"
            >
              <span
                className="dashicons dashicons-media-code"
              />
            </button>
            <style
              jsx={true}
            >
              
                                  button {
                                      -webkit-appearance: none;
                                      -webkit-touch-callout: none;
                                      -webkit-user-select: none;
                                      -khtml-user-select: none;
                                      -moz-user-select: none;
                                      -ms-user-select: none;
                                      user-select: none;
                                      background: white;
                                      box-sizing: border-box;
                                      color: #555555;
                                      background-image: none;
                                      border: none;
                                      border-radius: 2px;
                                      box-shadow: 0 1px 3px rgba(0, 0, 0, .12), 0 1px 2px rgba(0, 0, 0, .24);
                                      cursor: pointer;
                                      display: inline-block;
                                      font-size: 13px;
                                      font-weight: 500;
                                      height: 36px;
                                      line-height: 36px;
                                      min-width: 64px;
                                      outline: 0;
                                      padding: 0 16px;
                                      text-align: center;
                                      text-decoration: none;
                                      text-transform: uppercase;
                                      transition: 
                          box-shadow .2s cubic-bezier(0.4, 0, 1, 1),
                          background-color .2s cubic-bezier(0.4, 0, 0.2, 1),
                          color .2s cubic-bezier(0.4, 0, 0.2, 1)
                      ;
                                      vertical-align: middle;
                                      white-space: nowrap;
                                  }
                                  button:hover {
                                      box-shadow: 0 3px 6px rgba(0, 0, 0, .16), 0 3px 6px rgba(0, 0, 0, .23);
                                  }
                                  button:active {
                                      box-shadow: 0 3px 6px rgba(0, 0, 0, .16), 0 3px 6px rgba(0, 0, 0, .23);
                                  }
                                  button:active:hover {
                                      box-shadow: 0 10px 20px rgba(0, 0, 0, .19), 0 6px 6px rgba(0, 0, 0, .23);
                                      background: rgba(0, 0, 0, 0.12);
                                  }
                                  button:disabled {
                                      pointer-events: none !important;
                                      color: #a0a5aa !important;
                                  }
                                  button.focusable:focus {
                                      outline: 1.1px auto rgba(19, 124, 189, 0.5);
                                      outline-offset: 2px;
                                  }
                                  button.focusable:focus:active {
                                      outline: 0;
                                  }
                                  .btn-flat,
                                  .btn-flat.btn-primary {
                                      background: rgba(0, 0, 0, 0);
                                      box-shadow: none !important;
                                  }
                                  .btn-flat:hover,
                                  .btn-flat.btn-primary:hover {
                                      background: rgba(158, 158, 158, .2);
                                  }
                                  .btn-flat:active,
                                  .btn-flat.btn-primary:active {
                                      background: rgba(13, 13, 13, 0.12);
                                  }
                                  .btn-flat:hover:active,
                                  .btn-flat.btn-primary:hover:active {
                                      background: rgba(0, 0, 0, 0.12);
                                  }
                                  .btn-flat.btn-primary {
                                      color: #0085ba;
                                  }
                                  .btn-primary {
                                      background: #0085ba;
                                      color: white;
                                  }
                                  .btn-primary:active:hover {
                                      background: #007aab;
                                  }
                                  .btn-primary:disabled {
                                      opacity: .6;
                                      box-shadow: none;
                                      color: white !important;
                                  }
                                  .btn-icon {
                                      border-radius: 50%;
                                      font-size: 24px;
                                      height: 32px;
                                      margin: auto 0;
                                      min-width: 32px;
                                      width: 32px;
                                      padding: 0;
                                      line-height: normal;
                                  }
                                  .btn-icon:hover {
                                      color: #555555;
                                  }
              
                                  .dashicons {
                                      line-height: 32px !important;
                                      width: 32px;
                                      height: 32px;
                                  }
                                  .dashicons-migrate {
                                      transform: rotateY(180deg);
                                      padding-left: 5px;
                                  }
                                  .dashicons-minus {
                                      font-weight: 900;
                                  }
                                  .dashicons-menu,
                                  .dashicons-no-alt {
                                      font-size: 25px;
                                  }
                                  .dashicons-plus {
                                      padding-top: 2px;
                                  }
                              
            </style>
          </div>
        </Button>
        <Button
          flat={true}
          icon="update"
          id="REFRESH_PROCESSOR"
          label="Refresh reference list"
          onClick={[Function]}
          tooltip={
            Object {
              "position": "bottom",
              "text": "Refresh reference list",
            }
          }
          type="button"
        >
          <div>
            <Tooltip
              active={false}
              id="Refresh_reference_list"
              text="Refresh reference list"
              transform=""
            >
              <div
                className="abt-tooltip"
                id="Refresh_reference_list"
                role="tooltip"
                style={
                  Object {
                    "transform": "",
                  }
                }
              >
                Refresh reference list
                <style
                  jsx={true}
                >
                  
                                      .abt-tooltip {
                                          pointer-events: none;
                                          transform-origin: top center;
                                          z-index: 1000;
                                          background: rgba(66, 66, 66, 0.9);
                                          border-radius: 2px;
                                          color: white;
                                          display: inline-block;
                                          visibility: hidden;
                                          font-size: 10px;
                                          font-weight: 500;
                                          line-height: 14px;
                                          position: absolute;
                                          padding: 8px;
                                          text-align: center;
                                          max-width: 170px;
                                      }
                                      .abt-tooltip--active {
                                          visibility: visible;
                                      }
                                  
                </style>
              </div>
            </Tooltip>
            <button
              aria-describedby="Refresh_reference_list"
              aria-label="Refresh reference list"
              className="btn-flat btn-icon"
              id="REFRESH_PROCESSOR"
              onClick={[Function]}
              onMouseEnter={[Function]}
              onMouseLeave={[Function]}
              type="button"
            >
              <span
                className="dashicons dashicons-update"
              />
            </button>
            <style
              jsx={true}
            >
              
                                  button {
                                      -webkit-appearance: none;
                                      -webkit-touch-callout: none;
                                      -webkit-user-select: none;
                                      -khtml-user-select: none;
                                      -moz-user-select: none;
                                      -ms-user-select: none;
                                      user-select: none;
                                      background: white;
                                      box-sizing: border-box;
                                      color: #555555;
                                      background-image: none;
                                      border: none;
                                      border-radius: 2px;
                                      box-shadow: 0 1px 3px rgba(0, 0, 0, .12), 0 1px 2px rgba(0, 0, 0, .24);
                                      cursor: pointer;
                                      display: inline-block;
                                      font-size: 13px;
                                      font-weight: 500;
                                      height: 36px;
                                      line-height: 36px;
                                      min-width: 64px;
                                      outline: 0;
                                      padding: 0 16px;
                                      text-align: center;
                                      text-decoration: none;
                                      text-transform: uppercase;
                                      transition: 
                          box-shadow .2s cubic-bezier(0.4, 0, 1, 1),
                          background-color .2s cubic-bezier(0.4, 0, 0.2, 1),
                          color .2s cubic-bezier(0.4, 0, 0.2, 1)
                      ;
                                      vertical-align: middle;
                                      white-space: nowrap;
                                  }
                                  button:hover {
                                      box-shadow: 0 3px 6px rgba(0, 0, 0, .16), 0 3px 6px rgba(0, 0, 0, .23);
                                  }
                                  button:active {
                                      box-shadow: 0 3px 6px rgba(0, 0, 0, .16), 0 3px 6px rgba(0, 0, 0, .23);
                                  }
                                  button:active:hover {
                                      box-shadow: 0 10px 20px rgba(0, 0, 0, .19), 0 6px 6px rgba(0, 0, 0, .23);
                                      background: rgba(0, 0, 0, 0.12);
                                  }
                                  button:disabled {
                                      pointer-events: none !important;
                                      color: #a0a5aa !important;
                                  }
                                  button.focusable:focus {
                                      outline: 1.1px auto rgba(19, 124, 189, 0.5);
                                      outline-offset: 2px;
                                  }
                                  button.focusable:focus:active {
                                      outline: 0;
                                  }
                                  .btn-flat,
                                  .btn-flat.btn-primary {
                                      background: rgba(0, 0, 0, 0);
                                      box-shadow: none !important;
                                  }
                                  .btn-flat:hover,
                                  .btn-flat.btn-primary:hover {
                                      background: rgba(158, 158, 158, .2);
                                  }
                                  .btn-flat:active,
                                  .btn-flat.btn-primary:active {
                                      background: rgba(13, 13, 13, 0.12);
                                  }
                                  .btn-flat:hover:active,
                                  .btn-flat.btn-primary:hover:active {
                                      background: rgba(0, 0, 0, 0.12);
                                  }
                                  .btn-flat.btn-primary {
                                      color: #0085ba;
                                  }
                                  .btn-primary {
                                      background: #0085ba;
                                      color: white;
                                  }
                                  .btn-primary:active:hover {
                                      background: #007aab;
                                  }
                                  .btn-primary:disabled {
                                      opacity: .6;
                                      box-shadow: none;
                                      color: white !important;
                                  }
                                  .btn-icon {
                                      border-radius: 50%;
                                      font-size: 24px;
                                      height: 32px;
                                      margin: auto 0;
                                      min-width: 32px;
                                      width: 32px;
                                      padding: 0;
                                      line-height: normal;
                                  }
                                  .btn-icon:hover {
                                      color: #555555;
                                  }
              
                                  .dashicons {
                                      line-height: 32px !important;
                                      width: 32px;
                                      height: 32px;
                                  }
                                  .dashicons-migrate {
                                      transform: rotateY(180deg);
                                      padding-left: 5px;
                                  }
                                  .dashicons-minus {
                                      font-weight: 900;
                                  }
                                  .dashicons-menu,
                                  .dashicons-no-alt {
                                      font-size: 25px;
                                  }
                                  .dashicons-plus {
                                      padding-top: 2px;
                                  }
                              
            </style>
          </div>
        </Button>
        <Button
          flat={true}
          icon="trash"
          id="DESTROY_PROCESSOR"
          label="Delete all references"
          onClick={[Function]}
          tooltip={
            Object {
              "position": "bottom",
              "text": "Delete all references",
            }
          }
          type="button"
        >
          <div>
            <Tooltip
              active={false}
              id="Delete_all_references"
              text="Delete all references"
              transform=""
            >
              <div
                className="abt-tooltip"
                id="Delete_all_references"
                role="tooltip"
                style={
                  Object {
                    "transform": "",
                  }
                }
              >
                Delete all references
                <style
                  jsx={true}
                >
                  
                                      .abt-tooltip {
                                          pointer-events: none;
                                          transform-origin: top center;
                                          z-index: 1000;
                                          background: rgba(66, 66, 66, 0.9);
                                          border-radius: 2px;
                                          color: white;
                                          display: inline-block;
                                          visibility: hidden;
                                          font-size: 10px;
                                          font-weight: 500;
                                          line-height: 14px;
                                          position: absolute;
                                          padding: 8px;
                                          text-align: center;
                                          max-width: 170px;
                                      }
                                      .abt-tooltip--active {
                                          visibility: visible;
                                      }
                                  
                </style>
              </div>
            </Tooltip>
            <button
              aria-describedby="Delete_all_references"
              aria-label="Delete all references"
              className="btn-flat btn-icon"
              id="DESTROY_PROCESSOR"
              onClick={[Function]}
              onMouseEnter={[Function]}
              onMouseLeave={[Function]}
              type="button"
            >
              <span
                className="dashicons dashicons-trash"
              />
            </button>
            <style
              jsx={true}
            >
              
                                  button {
                                      -webkit-appearance: none;
                                      -webkit-touch-callout: none;
                                      -webkit-user-select: none;
                                      -khtml-user-select: none;
                                      -moz-user-select: none;
                                      -ms-user-select: none;
                                      user-select: none;
                                      background: white;
                                      box-sizing: border-box;
                                      color: #555555;
                                      background-image: none;
                                      border: none;
                                      border-radius: 2px;
                                      box-shadow: 0 1px 3px rgba(0, 0, 0, .12), 0 1px 2px rgba(0, 0, 0, .24);
                                      cursor: pointer;
                                      display: inline-block;
                                      font-size: 13px;
                                      font-weight: 500;
                                      height: 36px;
                                      line-height: 36px;
                                      min-width: 64px;
                                      outline: 0;
                                      padding: 0 16px;
                                      text-align: center;
                                      text-decoration: none;
                                      text-transform: uppercase;
                                      transition: 
                          box-shadow .2s cubic-bezier(0.4, 0, 1, 1),
                          background-color .2s cubic-bezier(0.4, 0, 0.2, 1),
                          color .2s cubic-bezier(0.4, 0, 0.2, 1)
                      ;
                                      vertical-align: middle;
                                      white-space: nowrap;
                                  }
                                  button:hover {
                                      box-shadow: 0 3px 6px rgba(0, 0, 0, .16), 0 3px 6px rgba(0, 0, 0, .23);
                                  }
                                  button:active {
                                      box-shadow: 0 3px 6px rgba(0, 0, 0, .16), 0 3px 6px rgba(0, 0, 0, .23);
                                  }
                                  button:active:hover {
                                      box-shadow: 0 10px 20px rgba(0, 0, 0, .19), 0 6px 6px rgba(0, 0, 0, .23);
                                      background: rgba(0, 0, 0, 0.12);
                                  }
                                  button:disabled {
                                      pointer-events: none !important;
                                      color: #a0a5aa !important;
                                  }
                                  button.focusable:focus {
                                      outline: 1.1px auto rgba(19, 124, 189, 0.5);
                                      outline-offset: 2px;
                                  }
                                  button.focusable:focus:active {
                                      outline: 0;
                                  }
                                  .btn-flat,
                                  .btn-flat.btn-primary {
                                      background: rgba(0, 0, 0, 0);
                                      box-shadow: none !important;
                                  }
                                  .btn-flat:hover,
                                  .btn-flat.btn-primary:hover {
                                      background: rgba(158, 158, 158, .2);
                                  }
                                  .btn-flat:active,
                                  .btn-flat.btn-primary:active {
                                      background: rgba(13, 13, 13, 0.12);
                                  }
                                  .btn-flat:hover:active,
                                  .btn-flat.btn-primary:hover:active {
                                      background: rgba(0, 0, 0, 0.12);
                                  }
                                  .btn-flat.btn-primary {
                                      color: #0085ba;
                                  }
                                  .btn-primary {
                                      background: #0085ba;
                                      color: white;
                                  }
                                  .btn-primary:active:hover {
                                      background: #007aab;
                                  }
                                  .btn-primary:disabled {
                                      opacity: .6;
                                      box-shadow: none;
                                      color: white !important;
                                  }
                                  .btn-icon {
                                      border-radius: 50%;
                                      font-size: 24px;
                                      height: 32px;
                                      margin: auto 0;
                                      min-width: 32px;
                                      width: 32px;
                                      padding: 0;
                                      line-height: normal;
                                  }
                                  .btn-icon:hover {
                                      color: #555555;
                                  }
              
                                  .dashicons {
                                      line-height: 32px !important;
                                      width: 32px;
                                      height: 32px;
                                  }
                                  .dashicons-migrate {
                                      transform: rotateY(180deg);
                                      padding-left: 5px;
                                  }
                                  .dashicons-minus {
                                      font-weight: 900;
                                  }
                                  .dashicons-menu,
                                  .dashicons-no-alt {
                                      font-size: 25px;
                                  }
                                  .dashicons-plus {
                                      padding-top: 2px;
                                  }
                              
            </style>
          </div>
        </Button>
        <Button
          disabled={false}
          flat={true}
          icon="list-view"
          id="INSERT_STATIC_BIBLIOGRAPHY"
          label="Insert static publication list"
          onClick={[Function]}
          tooltip={
            Object {
              "position": "bottom",
              "text": "Insert static publication list",
            }
          }
          type="button"
        >
          <div>
            <Tooltip
              active={false}
              id="Insert_static_publication_list"
              text="Insert static publication list"
              transform=""
            >
              <div
                className="abt-tooltip"
                id="Insert_static_publication_list"
                role="tooltip"
                style={
                  Object {
                    "transform": "",
                  }
                }
              >
                Insert static publication list
                <style
                  jsx={true}
                >
                  
                                      .abt-tooltip {
                                          pointer-events: none;
                                          transform-origin: top center;
                                          z-index: 1000;
                                          background: rgba(66, 66, 66, 0.9);
                                          border-radius: 2px;
                                          color: white;
                                          display: inline-block;
                                          visibility: hidden;
                                          font-size: 10px;
                                          font-weight: 500;
                                          line-height: 14px;
                                          position: absolute;
                                          padding: 8px;
                                          text-align: center;
                                          max-width: 170px;
                                      }
                                      .abt-tooltip--active {
                                          visibility: visible;
                                      }
                                  
                </style>
              </div>
            </Tooltip>
            <button
              aria-describedby="Insert_static_publication_list"
              aria-label="Insert static publication list"
              className="btn-flat btn-icon"
              disabled={false}
              id="INSERT_STATIC_BIBLIOGRAPHY"
              onClick={[Function]}
              onMouseEnter={[Function]}
              onMouseLeave={[Function]}
              type="button"
            >
              <span
                className="dashicons dashicons-list-view"
              />
            </button>
            <style
              jsx={true}
            >
              
                                  button {
                                      -webkit-appearance: none;
                                      -webkit-touch-callout: none;
                                      -webkit-user-select: none;
                                      -khtml-user-select: none;
                                      -moz-user-select: none;
                                      -ms-user-select: none;
                                      user-select: none;
                                      background: white;
                                      box-sizing: border-box;
                                      color: #555555;
                                      background-image: none;
                                      border: none;
                                      border-radius: 2px;
                                      box-shadow: 0 1px 3px rgba(0, 0, 0, .12), 0 1px 2px rgba(0, 0, 0, .24);
                                      cursor: pointer;
                                      display: inline-block;
                                      font-size: 13px;
                                      font-weight: 500;
                                      height: 36px;
                                      line-height: 36px;
                                      min-width: 64px;
                                      outline: 0;
                                      padding: 0 16px;
                                      text-align: center;
                                      text-decoration: none;
                                      text-transform: uppercase;
                                      transition: 
                          box-shadow .2s cubic-bezier(0.4, 0, 1, 1),
                          background-color .2s cubic-bezier(0.4, 0, 0.2, 1),
                          color .2s cubic-bezier(0.4, 0, 0.2, 1)
                      ;
                                      vertical-align: middle;
                                      white-space: nowrap;
                                  }
                                  button:hover {
                                      box-shadow: 0 3px 6px rgba(0, 0, 0, .16), 0 3px 6px rgba(0, 0, 0, .23);
                                  }
                                  button:active {
                                      box-shadow: 0 3px 6px rgba(0, 0, 0, .16), 0 3px 6px rgba(0, 0, 0, .23);
                                  }
                                  button:active:hover {
                                      box-shadow: 0 10px 20px rgba(0, 0, 0, .19), 0 6px 6px rgba(0, 0, 0, .23);
                                      background: rgba(0, 0, 0, 0.12);
                                  }
                                  button:disabled {
                                      pointer-events: none !important;
                                      color: #a0a5aa !important;
                                  }
                                  button.focusable:focus {
                                      outline: 1.1px auto rgba(19, 124, 189, 0.5);
                                      outline-offset: 2px;
                                  }
                                  button.focusable:focus:active {
                                      outline: 0;
                                  }
                                  .btn-flat,
                                  .btn-flat.btn-primary {
                                      background: rgba(0, 0, 0, 0);
                                      box-shadow: none !important;
                                  }
                                  .btn-flat:hover,
                                  .btn-flat.btn-primary:hover {
                                      background: rgba(158, 158, 158, .2);
                                  }
                                  .btn-flat:active,
                                  .btn-flat.btn-primary:active {
                                      background: rgba(13, 13, 13, 0.12);
                                  }
                                  .btn-flat:hover:active,
                                  .btn-flat.btn-primary:hover:active {
                                      background: rgba(0, 0, 0, 0.12);
                                  }
                                  .btn-flat.btn-primary {
                                      color: #0085ba;
                                  }
                                  .btn-primary {
                                      background: #0085ba;
                                      color: white;
                                  }
                                  .btn-primary:active:hover {
                                      background: #007aab;
                                  }
                                  .btn-primary:disabled {
                                      opacity: .6;
                                      box-shadow: none;
                                      color: white !important;
                                  }
                                  .btn-icon {
                                      border-radius: 50%;
                                      font-size: 24px;
                                      height: 32px;
                                      margin: auto 0;
                                      min-width: 32px;
                                      width: 32px;
                                      padding: 0;
                                      line-height: normal;
                                  }
                                  .btn-icon:hover {
                                      color: #555555;
                                  }
              
                                  .dashicons {
                                      line-height: 32px !important;
                                      width: 32px;
                                      height: 32px;
                                  }
                                  .dashicons-migrate {
                                      transform: rotateY(180deg);
                                      padding-left: 5px;
                                  }
                                  .dashicons-minus {
                                      font-weight: 900;
                                  }
                                  .dashicons-menu,
                                  .dashicons-no-alt {
                                      font-size: 25px;
                                  }
                                  .dashicons-plus {
                                      padding-top: 2px;
                                  }
                              
            </style>
          </div>
        </Button>
        <Button
          flat={true}
          href="https://github.com/dsifford/academic-bloggers-toolkit/wiki"
          icon="editor-help"
          label="Usage instructions"
          role="link"
          tooltip={
            Object {
              "position": "bottom",
              "text": "Usage instructions",
            }
          }
          type="button"
        >
          <div>
            <Tooltip
              active={false}
              id="Usage_instructions"
              text="Usage instructions"
              transform=""
            >
              <div
                className="abt-tooltip"
                id="Usage_instructions"
                role="tooltip"
                style={
                  Object {
                    "transform": "",
                  }
                }
              >
                Usage instructions
                <style
                  jsx={true}
                >
                  
                                      .abt-tooltip {
                                          pointer-events: none;
                                          transform-origin: top center;
                                          z-index: 1000;
                                          background: rgba(66, 66, 66, 0.9);
                                          border-radius: 2px;
                                          color: white;
                                          display: inline-block;
                                          visibility: hidden;
                                          font-size: 10px;
                                          font-weight: 500;
                                          line-height: 14px;
                                          position: absolute;
                                          padding: 8px;
                                          text-align: center;
                                          max-width: 170px;
                                      }
                                      .abt-tooltip--active {
                                          visibility: visible;
                                      }
                                  
                </style>
              </div>
            </Tooltip>
            <button
              aria-describedby="Usage_instructions"
              aria-label="Usage instructions"
              className="btn-flat btn-icon"
              onClick={[Function]}
              onMouseEnter={[Function]}
              onMouseLeave={[Function]}
              role="link"
              type="button"
            >
              <span
                className="dashicons dashicons-editor-help"
              />
            </button>
            <style
              jsx={true}
            >
              
                                  button {
                                      -webkit-appearance: none;
                                      -webkit-touch-callout: none;
                                      -webkit-user-select: none;
                                      -khtml-user-select: none;
                                      -moz-user-select: none;
                                      -ms-user-select: none;
                                      user-select: none;
                                      background: white;
                                      box-sizing: border-box;
                                      color: #555555;
                                      background-image: none;
                                      border: none;
                                      border-radius: 2px;
                                      box-shadow: 0 1px 3px rgba(0, 0, 0, .12), 0 1px 2px rgba(0, 0, 0, .24);
                                      cursor: pointer;
                                      display: inline-block;
                                      font-size: 13px;
                                      font-weight: 500;
                                      height: 36px;
                                      line-height: 36px;
                                      min-width: 64px;
                                      outline: 0;
                                      padding: 0 16px;
                                      text-align: center;
                                      text-decoration: none;
                                      text-transform: uppercase;
                                      transition: 
                          box-shadow .2s cubic-bezier(0.4, 0, 1, 1),
                          background-color .2s cubic-bezier(0.4, 0, 0.2, 1),
                          color .2s cubic-bezier(0.4, 0, 0.2, 1)
                      ;
                                      vertical-align: middle;
                                      white-space: nowrap;
                                  }
                                  button:hover {
                                      box-shadow: 0 3px 6px rgba(0, 0, 0, .16), 0 3px 6px rgba(0, 0, 0, .23);
                                  }
                                  button:active {
                                      box-shadow: 0 3px 6px rgba(0, 0, 0, .16), 0 3px 6px rgba(0, 0, 0, .23);
                                  }
                                  button:active:hover {
                                      box-shadow: 0 10px 20px rgba(0, 0, 0, .19), 0 6px 6px rgba(0, 0, 0, .23);
                                      background: rgba(0, 0, 0, 0.12);
                                  }
                                  button:disabled {
                                      pointer-events: none !important;
                                      color: #a0a5aa !important;
                                  }
                                  button.focusable:focus {
                                      outline: 1.1px auto rgba(19, 124, 189, 0.5);
                                      outline-offset: 2px;
                                  }
                                  button.focusable:focus:active {
                                      outline: 0;
                                  }
                                  .btn-flat,
                                  .btn-flat.btn-primary {
                                      background: rgba(0, 0, 0, 0);
                                      box-shadow: none !important;
                                  }
                                  .btn-flat:hover,
                                  .btn-flat.btn-primary:hover {
                                      background: rgba(158, 158, 158, .2);
                                  }
                                  .btn-flat:active,
                                  .btn-flat.btn-primary:active {
                                      background: rgba(13, 13, 13, 0.12);
                                  }
                                  .btn-flat:hover:active,
                                  .btn-flat.btn-primary:hover:active {
                                      background: rgba(0, 0, 0, 0.12);
                                  }
                                  .btn-flat.btn-primary {
                                      color: #0085ba;
                                  }
                                  .btn-primary {
                                      background: #0085ba;
                                      color: white;
                                  }
                                  .btn-primary:active:hover {
                                      background: #007aab;
                                  }
                                  .btn-primary:disabled {
                                      opacity: .6;
                                      box-shadow: none;
                                      color: white !important;
                                  }
                                  .btn-icon {
                                      border-radius: 50%;
                                      font-size: 24px;
                                      height: 32px;
                                      margin: auto 0;
                                      min-width: 32px;
                                      width: 32px;
                                      padding: 0;
                                      line-height: normal;
                                  }
                                  .btn-icon:hover {
                                      color: #555555;
                                  }
              
                                  .dashicons {
                                      line-height: 32px !important;
                                      width: 32px;
                                      height: 32px;
                                  }
                                  .dashicons-migrate {
                                      transform: rotateY(180deg);
                                      padding-left: 5px;
                                  }
                                  .dashicons-minus {
                                      font-weight: 900;
                                  }
                                  .dashicons-menu,
                                  .dashicons-no-alt {
                                      font-size: 25px;
                                  }
                                  .dashicons-plus {
                                      padding-top: 2px;
                                  }
                              
            </style>
          </div>
        </Button>
      </div>
      <div
        className="style-row"
      >
        <VirtualizedSelect
          async={false}
          clearable={false}
          id="style-select"
          maxHeight={200}
          onChange={[Function]}
          optionHeight={[Function]}
          optionRenderer={[Function]}
          options={
            Array [
              Object {
                "label": "Custom Style",
                "value": "header",
              },
              Object {
                "label": "Test Label",
                "value": "test-value",
              },
              Object {
                "label": "Pre-defined Styles",
                "value": "header",
              },
              Object {
                "label": "American Medical Association",
                "value": "american-medical-association",
              },
              Object {
                "label": "APA 5th Edition",
                "value": "apa-5th",
              },
            ]
          }
          value={
            Object {
              "label": "American Medical Association",
              "value": "american-medical-association",
            }
          }
        >
          <Select
            addLabelText="Add \\"{label}\\"?"
            arrowRenderer={[Function]}
            async={false}
            autosize={true}
            backspaceRemoves={true}
            backspaceToRemoveMessage="Press backspace to remove {label}"
            clearAllText="Clear all"
            clearRenderer={[Function]}
            clearValueText="Clear value"
            clearable={false}
            deleteRemoves={true}
            delimiter=","
            disabled={false}
            escapeClearsValue={true}
            filterOptions={[Function]}
            id="style-select"
            ignoreAccents={true}
            ignoreCase={true}
            inputProps={Object {}}
            isLoading={false}
            joinValues={false}
            labelKey="label"
            matchPos="any"
            matchProp="any"
            maxHeight={200}
            menuBuffer={0}
            menuRenderer={[Function]}
            menuStyle={
              Object {
                "overflow": "hidden",
              }
            }
            multi={false}
            noResultsText="No results found"
            onBlurResetsInput={true}
            onChange={[Function]}
            onCloseResetsInput={true}
            optionComponent={[Function]}
            optionHeight={[Function]}
            optionRenderer={[Function]}
            options={
              Array [
                Object {
                  "label": "Custom Style",
                  "value": "header",
                },
                Object {
                  "label": "Test Label",
                  "value": "test-value",
                },
                Object {
                  "label": "Pre-defined Styles",
                  "value": "header",
                },
                Object {
                  "label": "American Medical Association",
                  "value": "american-medical-association",
                },
                Object {
                  "label": "APA 5th Edition",
                  "value": "apa-5th",
                },
              ]
            }
            pageSize={5}
            placeholder="Select..."
            required={false}
            scrollMenuIntoView={true}
            searchable={true}
            simpleValue={false}
            tabSelectsValue={true}
            value={
              Object {
                "label": "American Medical Association",
                "value": "american-medical-association",
              }
            }
            valueComponent={[Function]}
            valueKey="value"
          >
            <div
              className="Select Select--single is-searchable has-value"
            >
              <div
                className="Select-control"
                onKeyDown={[Function]}
                onMouseDown={[Function]}
                onTouchEnd={[Function]}
                onTouchMove={[Function]}
                onTouchStart={[Function]}
              >
                <span
                  className="Select-multi-value-wrapper"
                  id="react-select-2--value"
                >
                  <Value
                    disabled={false}
                    id="react-select-2--value-item"
                    instancePrefix="react-select-2-"
                    onClick={null}
                    value={
                      Object {
                        "label": "American Medical Association",
                        "value": "american-medical-association",
                      }
                    }
                  >
                    <div
                      className="Select-value"
                    >
                      <span
                        aria-selected="true"
                        className="Select-value-label"
                        id="react-select-2--value-item"
                        role="option"
                      >
                        American Medical Association
                      </span>
                    </div>
                  </Value>
                  <Component
                    aria-activedescendant="react-select-2--value"
                    aria-expanded="false"
                    aria-haspopup="false"
                    aria-owns=""
                    className="Select-input"
                    minWidth="5"
                    onBlur={[Function]}
                    onChange={[Function]}
                    onFocus={[Function]}
                    required={false}
                    role="combobox"
                    value=""
                  >
                    <div
                      className="Select-input"
                      style={
                        Object {
                          "display": "inline-block",
                        }
                      }
                    >
                      <input
                        aria-activedescendant="react-select-2--value"
                        aria-expanded="false"
                        aria-haspopup="false"
                        aria-owns=""
                        onBlur={[Function]}
                        onChange={[Function]}
                        onFocus={[Function]}
                        required={false}
                        role="combobox"
                        style={
                          Object {
                            "boxSizing": "content-box",
                            "width": "5px",
                          }
                        }
                        value=""
                      />
                      <div
                        style={
                          Object {
                            "height": 0,
                            "left": 0,
                            "overflow": "scroll",
                            "position": "absolute",
                            "top": 0,
                            "visibility": "hidden",
                            "whiteSpace": "pre",
                          }
                        }
                      />
                    </div>
                  </Component>
                </span>
                <span
                  className="Select-arrow-zone"
                  onMouseDown={[Function]}
                >
                  <span
                    className="Select-arrow"
                    onMouseDown={[Function]}
                  />
                </span>
              </div>
            </div>
          </Select>
        </VirtualizedSelect>
      </div>
      <style
        jsx={true}
      >
        
                                              .menu {
                                                  padding: 0;
                                                  position: relative;
                                                  z-index: 555;
                                              }
                                              .subpanel {
                                                  display: flex;
                                                  padding: 5px 0;
                                                  justify-content: space-around;
                                              }
                                              .style-row {
                                                  padding: 0 5px;
                                              }
                                          
      </style>
    </div>
  </TransitionMotion>
</Menu>
`;

exports[`<Menu /> should match snapshots 2`] = `
<Menu
  cslStyle={"american-medical-association"}
  isOpen={false}
  itemsSelected={true}
  onSubmit={[Function]}
>
  <TransitionMotion
    didLeave={[Function]}
    styles={Array []}
    willEnter={[Function]}
    willLeave={[Function]}
  />
</Menu>
`;
