// Jest Snapshot v1, https://goo.gl/fbAQLP

exports[`<DisplayOptionsForm /> should match snapshots 1`] = `
<React.Fragment>
  <label
    className="label"
  >
    Heading
    <input
      className="input fill"
      name="bib_heading"
      onChange={[Function]}
      type="text"
      value=""
    />
  </label>
  <RadioGroup
    items={
      Array [
        Object {
          "disabled": true,
          "label": "1",
          "value": "h1",
        },
        Object {
          "disabled": true,
          "label": "2",
          "value": "h2",
        },
        Object {
          "disabled": true,
          "label": "3",
          "value": "h3",
        },
        Object {
          "disabled": true,
          "label": "4",
          "value": "h4",
        },
        Object {
          "disabled": true,
          "label": "5",
          "value": "h5",
        },
        Object {
          "disabled": true,
          "label": "6",
          "value": "h6",
        },
      ]
    }
    label="Heading Level"
    name="bib_heading_level"
    onChange={[Function]}
    value="h3"
  />
  <RadioGroup
    items={
      Array [
        Object {
          "label": "Fixed",
          "value": "fixed",
        },
        Object {
          "disabled": true,
          "label": "Toggle",
          "value": "toggle",
        },
      ]
    }
    label="Bibliography Style"
    name="bibliography"
    onChange={[Function]}
    value="fixed"
  />
  <RadioGroup
    items={
      Array [
        Object {
          "label": "Make URLs clickable and always add trailing source link",
          "value": "always",
        },
        Object {
          "label": "Make entire reference a clickable link to the source URL",
          "value": "always-full-surround",
        },
        Object {
          "label": "Make URLs clickable only",
          "value": "urls",
        },
        Object {
          "label": "Never add clickable links",
          "value": "never",
        },
      ]
    }
    label="Link Format"
    name="links"
    onChange={[Function]}
    value="always"
  />
  <Demo
    options={
      Object {
        "bib_heading": "",
        "bib_heading_level": "h3",
        "bibliography": "fixed",
        "links": "always",
      }
    }
  />
</React.Fragment>
`;
