// Jest Snapshot v1, https://goo.gl/fbAQLP

exports[`<RadioGroup /> should match snapshots 1`] = `
<div
  aria-labelledby="12345-group"
  className="fieldset"
  role="radiogroup"
>
  <label
    className="legend"
    id="12345-group"
  >
    Test Radio Group
  </label>
  <div
    className="itemContainer"
  >
    <label
      className="item"
      key="12345"
    >
      <input
        aria-checked={true}
        checked={true}
        name="test"
        onChange={[MockFunction]}
        type="radio"
        value="one"
      />
      <span>
        One
      </span>
    </label>
    <label
      className="item"
      key="12346"
    >
      <input
        aria-checked={false}
        checked={false}
        name="test"
        onChange={[MockFunction]}
        type="radio"
        value="two"
      />
      <span>
        Two
      </span>
    </label>
  </div>
</div>
`;
