// Jest Snapshot v1, https://goo.gl/fbAQLP

exports[`<ImportDialog /> should match snapshot 1`] = `
<div
  style={
    Object {
      "padding": 10,
    }
  }
>
  <div
    style={
      Object {
        "alignItems": "center",
        "display": "flex",
      }
    }
  >
    <input
      accept=".ris,.bib,.bibtex,application/xresearch-info-systems,application/x-bibtex"
      aria-labelledby="upload-file-btn"
      id="uploadField"
      onChange={[Function]}
      required={true}
      style={
        Object {
          "display": "none",
        }
      }
      type="file"
      value=""
    />
    <Button
      aria-controls="uploadField"
      flat={true}
      focusable={true}
      id="upload-file-btn"
      label="Choose File"
      onClick={[Function]}
      type="button"
    />
    <Well />
    <Button
      disabled={true}
      focusable={true}
      label="Import"
      onClick={[Function]}
      primary={true}
      type="button"
    />
  </div>
  <Callout
    intent="danger"
    isVisible={true}
    onDismiss={[Function]}
    style={
      Object {
        "margin": "10px 0 0 0",
      }
    }
    title="Error!"
  />
</div>
`;
