// Jest Snapshot v1, https://goo.gl/fbAQLP

exports[`<ImportDialog /> should match snapshot 1`] = `
<div
  id="import-dialog-root"
>
  <div
    className="import-dialog"
  >
    <input
      accept=".ris,.bib,.bibtex,application/xresearch-info-systems,application/x-bibtex"
      aria-labelledby="upload-file-btn"
      id="uploadField"
      onChange={[Function]}
      required={true}
      type="file"
      value=""
    />
    <Button
      aria-controls="uploadField"
      flat={true}
      focusable={true}
      id="upload-file-btn"
      label="Choose File"
      onClick={[Function]}
      type="button"
    />
    <div
      className="well"
      id="well"
    />
    <Button
      disabled={true}
      focusable={true}
      label="Import"
      onClick={[Function]}
      primary={true}
      type="button"
    />
  </div>
  <Callout
    intent="danger"
    isVisible={true}
    onDismiss={[Function]}
    style={
      Object {
        "margin": "10px 0 0 0",
      }
    }
    title="Error!"
  />
  <style
    jsx={true}
  >
    
                    input {
                        visibility: hidden;
                        width: 0;
                        border: 0;
                        padding: 0;
                        pointer-events: none;
                    }
                    #import-dialog-root {
                        padding: 10px;
                    }
                    .import-dialog {
                        display: flex;
                        align-items: center;
                    }
                    .upload-btn {
                        display: inline-block;
                        line-height: 36px;
                    }
                    .well {
                        background: #f5f5f5;
                        border: 1px solid rgba(0, 0, 0, 0.12);
                        border-radius: 2px;
                        flex: auto;
                        font-size: 16px;
                        line-height: 25px;
                        margin: 0 15px 0 5px;
                        min-height: 20px;
                        padding: 5px;
                    }
                
  </style>
</div>
`;
