// Jest Snapshot v1, https://goo.gl/fbAQLP

exports[`<ContributorList /> should add and remove contributors 1`] = `
"Snapshot Diff:
- First value
+ Second value

@@ -2,30 +2,10 @@
    <h2
      className=\\"heading\\"
    >
      Contributors
    </h2>
-   <Contributor
-     contributor={
-       Object {
-         \\"family\\": \\"\\",
-         \\"given\\": \\"\\",
-         \\"literal\\": \\"\\",
-         \\"type\\": \\"author\\",
-       }
-     }
-     contributorTypes={
-       Array [
-         Object {
-           \\"label\\": \\"Author\\",
-           \\"type\\": \\"author\\",
-         },
-       ]
-     }
-     index={0}
-     onRemove={[Function res]}
-   />
    <div
      className=\\"btnRow\\"
    >
      <Button
        flat={true}"
`;

exports[`<ContributorList /> should add and remove contributors 2`] = `
"Snapshot Diff:
Compared values have no visual difference."
`;

exports[`<ContributorList /> should match baseline snapshots 1`] = `
<React.Fragment>
  <h2
    className="heading"
  >
    Contributors
  </h2>
  <div
    className="btnRow"
  >
    <Button
      flat={true}
      label="Add contributor"
      onClick={[Function]}
      type="button"
    />
  </div>
</React.Fragment>
`;
