// Jest Snapshot v1, https://goo.gl/fbAQLP

exports[`<EditDialog /> should match baseline snapshot 1`] = `
<form
  onSubmit={[Function]}
>
  <div
    style={
      Object {
        "padding": 10,
      }
    }
  >
    <ContributorList
      citationType="article-journal"
      people={Array []}
    />
    <MetaFields />
  </div>
  <ActionBar
    align="right"
  >
    <Button
      flat={true}
      label="Confirm"
      primary={true}
      type="submit"
    >
      Confirm
    </Button>
  </ActionBar>
</form>
`;
