// Jest Snapshot v1, https://goo.gl/fbAQLP

exports[`<IdentifierInput /> should match baseline snapshot 1`] = `
<div
  className="main"
>
  <label
    className="label"
    htmlFor="identifierList"
  >
    DOI/PMID/PMCID
  </label>
  <input
    className="input"
    id="identifierList"
    onChange={[Function]}
    required={true}
    type="text"
    value=""
  />
</div>
`;

exports[`<IdentifierInput /> should update input on change 1`] = `
"Snapshot Diff:
- First value
+ Second value

@@ -11,8 +11,8 @@
      className=\\"input\\"
      id=\\"identifierList\\"
      onChange={[Function res]}
      required={true}
      type=\\"text\\"
-     value=\\"testing\\"
+     value=\\"\\"
    />
  </div>"
`;
