// Jest Snapshot v1, https://goo.gl/fbAQLP

exports[`<ButtonRow /> should match baseline snapshots 1`] = `
<ActionBar>
  <Button
    flat={true}
    focusable={true}
    label="Add Manually"
    onClick={[Function]}
    type="button"
  >
    Add Manually
  </Button>
  <Button
    disabled={false}
    flat={true}
    focusable={true}
    label="Search PubMed"
    onClick={[MockFunction]}
    type="button"
  >
    Search PubMed
  </Button>
  <Component />
  <ToggleSwitch
    checked={true}
    disabled={false}
    onChange={[Function]}
    tooltip={
      Object {
        "position": "left",
        "text": "Insert citation inline",
      }
    }
  />
  <Button
    focusable={true}
    form="add-reference"
    label="Add Reference"
    primary={true}
    type="submit"
  >
    Add Reference
  </Button>
</ActionBar>
`;

exports[`<ButtonRow /> should toggle add manually 1`] = `
"Snapshot Diff:
- First value
+ Second value

@@ -1,17 +1,17 @@
  <ActionBar>
    <Button
      flat={true}
      focusable={true}
-     label=\\"Add with Identifier\\"
+     label=\\"Add Manually\\"
      onClick={[Function res]}
      type=\\"button\\"
    >
-     Add with Identifier
+     Add Manually
    </Button>
    <Button
-     disabled={true}
+     disabled={false}
      flat={true}
      focusable={true}
      label=\\"Search PubMed\\"
      onClick={[Function mockConstructor]}
      type=\\"button\\""
`;

exports[`<ButtonRow /> should toggle attach inline 1`] = `
"Snapshot Diff:
- First value
+ Second value

@@ -18,11 +18,11 @@
    >
      Search PubMed
    </Button>
    <Component />
    <ToggleSwitch
-     checked={false}
+     checked={true}
      disabled={false}
      onChange={[Function res]}
      tooltip={
        Object {
          \\"position\\": \\"left\\","
`;
