// Jest Snapshot v1, https://goo.gl/fbAQLP

exports[`<EditDialog /> should match baseline snapshot 1`] = `
<form
  onSubmit={[Function]}
>
  <ContributorList
    citationType="article-journal"
    people={Array []}
  />
  <MetaFields />
  <ActionBar
    align="right"
  >
    <Button
      flat={true}
      label="Confirm"
      primary={true}
      type="submit"
    >
      Confirm
    </Button>
  </ActionBar>
</form>
`;
