// Jest Snapshot v1, https://goo.gl/fbAQLP

exports[`<EditDialog /> should match snapshot 1`] = `
<form
  onSubmit={[Function]}
>
  <ContributorList
    citationType="article-journal"
    people={Array []}
  />
  <MetaFields
    meta={
      Object {
        "id": "12345",
        "title": "Test Title",
        "type": "article-journal",
      }
    }
  />
  <ActionBar
    style={
      Object {
        "justifyContent": "flex-end",
      }
    }
  >
    <Button
      flat={true}
      label="Confirm"
      primary={true}
      type="submit"
    />
  </ActionBar>
</form>
`;
